---
source: parsing/parser/src/tests/snapshots.rs
expression: expr
---
Float(
    Float {
        value: 0.5,
        info: SpanTokens {
            tokens: [
                SpanToken {
                    token: Float(
                        0.5,
                    ),
                    origin: "5e-1",
                },
            ],
            origin: "5e-1",
        },
    },
)
